<!-- VogueX
Copyright (c) 2024 Group 84: Gokul Prakash Ramesh, Haricharan Bharathi, Raghunandan Ganesh Mante
This project is licensed under the MIT License.
#
Governance Model:
This project follows an open governance model, which includes a leadership team,
contribution guidelines, a code of conduct, and a clear decision-making process.
Contributions are welcome, and please see CONTRIBUTING.md for details. -->

<?xml version="1.0" encoding="utf-8"?><testsuites><testsuite name="pytest" errors="0" failures="0" skipped="0" tests="13" time="10.020" timestamp="2022-12-05T12:51:09.239272" hostname="DESKTOP-GD3RTAS"><testcase classname="tests.test_auth" name="test_login_get" time="0.110" /><testcase classname="tests.test_auth" name="test_login_post" time="0.097" /><testcase classname="tests.test_auth" name="test_signup_get" time="0.056" /><testcase classname="tests.test_auth" name="test_signup_post" time="0.076" /><testcase classname="tests.test_auth" name="test_login_check_positive_case" time="0.078" /><testcase classname="tests.test_favourites" name="test_favourites" time="0.037" /><testcase classname="tests.test_helpers" name="test_search_image_query_builder" time="0.049" /><testcase classname="tests.test_helpers" name="test_weather_api" time="1.378" /><testcase classname="tests.test_imageSearchapi" name="test_recommendations" time="0.047" /><testcase classname="tests.test_imageSearchapi" name="test_recommendations_with_session" time="3.747" /><testcase classname="tests.test_preferences" name="test_get_default_preferences" time="0.231" /><testcase classname="tests.test_preferences" name="test_post_preferences" time="0.131" /><testcase classname="tests.test_shopping" name="test_shopping_results" time="1.153" /></testsuite></testsuites>